============================= test session starts =============================
platform win32 -- Python 3.12.7, pytest-8.4.2, pluggy-1.6.0
rootdir: C:\Users\ABHISUMAT\All Projects\Open-Source Contrib Forked Projects\FoveaMIL
configfile: pyproject.toml
plugins: anyio-4.12.1, langsmith-0.8.6, cov-7.1.0, mock-3.15.1
collected 0 items / 1 error

=================================== ERRORS ====================================
____________________ ERROR collecting tests/test_models.py ____________________
ImportError while importing test module 'C:\Users\ABHISUMAT\All Projects\Open-Source Contrib Forked Projects\FoveaMIL\tests\test_models.py'.
Hint: make sure your test modules/packages have valid Python names.
Traceback:
..\..\..\AppData\Local\Programs\Python\Python312\Lib\importlib\__init__.py:90: in import_module
    return _bootstrap._gcd_import(name[level:], package, level)
           ^^^^^^^^^^^^^^^^^^^^^^^^^^^^^^^^^^^^^^^^^^^^^^^^^^^^
tests\test_models.py:6: in <module>
    from foveamil.models import (
src\foveamil\models\__init__.py:19: in <module>
    from foveamil.models.search import (
src\foveamil\models\search\__init__.py:3: in <module>
    from foveamil.models.search.driver import MCTSZoomDriver
src\foveamil\models\search\driver.py:28: in <module>
    from foveamil.training.hierarchy import children_per_parent, compute_child_indices
src\foveamil\training\__init__.py:21: in <module>
    from foveamil.training.resolve import (
src\foveamil\training\resolve.py:16: in <module>
    from foveamil.encoders import ENCODERS
src\foveamil\encoders\__init__.py:9: in <module>
    from foveamil.encoders.uni import UNI2hEncoder
src\foveamil\encoders\uni.py:7: in <module>
    import timm
E   ModuleNotFoundError: No module named 'timm'
============================== warnings summary ===============================
..\..\..\AppData\Local\Programs\Python\Python312\Lib\site-packages\dateutil\tz\tz.py:37
  C:\Users\ABHISUMAT\AppData\Local\Programs\Python\Python312\Lib\site-packages\dateutil\tz\tz.py:37: DeprecationWarning: datetime.datetime.utcfromtimestamp() is deprecated and scheduled for removal in a future version. Use timezone-aware objects to represent datetimes in UTC: datetime.datetime.fromtimestamp(timestamp, datetime.UTC).
    EPOCH = datetime.datetime.utcfromtimestamp(0)

-- Docs: https://docs.pytest.org/en/stable/how-to/capture-warnings.html
=========================== short test summary info ===========================
ERROR tests/test_models.py
!!!!!!!!!!!!!!!!!!! Interrupted: 1 error during collection !!!!!!!!!!!!!!!!!!!!
========================= 1 warning, 1 error in 5.28s =========================
